**PROCEDURE: main
	Return Type: <void>
	Formal Parameters:
**BEGIN: Abstract Syntax Tree 
         Read: Name : marks_<int>
         Asgn:
           LHS (Name : res_<string>)
           RHS (
                 Condition: GT<bool>
                   L_Opd (Name : marks_<int>)
                   R_Opd (Num : 50<int>)
                 True_Part (String : "pass"<string>)
                 False_Part (String : "fail"<string>))
         Write: Name : res_<string>
**END: Abstract Syntax Tree 
