**PROCEDURE: main
	Return Type: <void>
	Formal Parameters:
**BEGIN: Abstract Syntax Tree 
         Asgn:
           LHS (Name : c_<bool>)
           RHS (
             Condition: OR<bool>
               L_Opd (
                 Condition: GE<bool>
                   L_Opd (
                     Arith: Mult<float>
                       L_Opd (Name : a_<float>)
                       R_Opd (Name : b_<float>))
                   R_Opd (Name : a_<float>))
               R_Opd (
                 Condition: NOT<bool>
                   L_Opd (
                     Condition: LT<bool>
                       L_Opd (Name : b_<float>)
                       R_Opd (Name : a_<float>))))
**END: Abstract Syntax Tree 
