**PROCEDURE: main
**BEGIN: RTL Statements
	iLoad:       v0 <- 5
	store:       n_ <- v0
	iLoad:       v0 <- 1
	store:       pow_ <- v0

  Label0:      
	load:        v0 <- n_
	iLoad:       t1 <- 0
	sgt:         t0 <- v0 , t1
	not:         v0 <- t0
	bgtz:        v0 , Label1
	load:        v0 <- pow_
	load:        t1 <- n_
	mul:         t0 <- v0 , t1
	store:       pow_ <- t0
	load:        v0 <- n_
	iLoad:       t1 <- 1
	sub:         t0 <- v0 , t1
	store:       n_ <- t0
	goto:        Label0

  Label1:      
	iLoad:       v0 <- 1
	load:        a0 <- pow_
	write        
**END: RTL Statements
