**PROCEDURE: main
**BEGIN: RTL Statements
	iLoad:       v0 <- 10
	store:       local_ <- v0
	iLoad:       v0 <- 10
	store:       global_ <- v0
	load:        v0 <- local_
	load:        t1 <- global_
	seq:         t0 <- v0 , t1
	not:         v0 <- t0
	bgtz:        v0 , Label1
	iLoad:       v0 <- 4
	load_addr:   a0 <- _str_0
	write        
	goto:        Label0

  Label1:      
	load:        v0 <- local_
	load:        t1 <- global_
	sgt:         t0 <- v0 , t1
	not:         v0 <- t0
	bgtz:        v0 , Label3
	iLoad:       v0 <- 4
	load_addr:   a0 <- _str_1
	write        
	goto:        Label2

  Label3:      
	iLoad:       v0 <- 4
	load_addr:   a0 <- _str_2
	write        

  Label2:      

  Label0:      
**END: RTL Statements
