**PROCEDURE: main
**BEGIN: RTL Statements
	iLoad:       v0 <- 100
	store:       val1_ <- v0
	iLoad:       v0 <- 101
	store:       val2_ <- v0
	iLoad.d:     f2 <- 3.43
	store.d:     f1_ <- f2
	iLoad.d:     f2 <- 2.43
	store.d:     f2_ <- f2
	load.d:      f2 <- f1_
	load.d:      f6 <- f2_
	div.d:       f4 <- f2 , f6
	load.d:      f2 <- f2_
	uminus.d:    f6 <- f2
	add.d:       f2 <- f4 , f6
	load.d:      f4 <- f1_
	uminus.d:    f6 <- f4
	add.d:       f4 <- f2 , f6
	store.d:     f3_ <- f4
	load:        v0 <- val1_
	load:        t1 <- val2_
	sgt:         t0 <- v0 , t1
	not:         v0 <- t0
	bgtz:        v0 , Label0
	load:        v0 <- val1_
	store:       stemp0 <- v0
	goto:        Label1

  Label0:      
	load:        v0 <- val2_
	store:       stemp0 <- v0

  Label1:      
	load:        v0 <- stemp0
	store:       val2_ <- v0
	iLoad:       v0 <- 1
	load:        a0 <- val1_
	write        
	iLoad:       v0 <- 1
	load:        a0 <- val2_
	write        
	iLoad:       v0 <- 3
	load.d:      f12 <- f1_
	write        
	iLoad:       v0 <- 3
	load.d:      f12 <- f2_
	write        
	iLoad:       v0 <- 3
	load.d:      f12 <- f3_
	write        
**END: RTL Statements
