**PROCEDURE: main
**BEGIN: RTL Statements

  Label2:      
	load:        v0 <- n_
	iLoad:       t1 <- 0
	sne:         t0 <- v0 , t1
	not:         v0 <- t0
	bgtz:        v0 , Label3
	load:        v0 <- a_
	load:        t1 <- b_
	add:         t0 <- v0 , t1
	load:        t1 <- target_
	seq:         v0 <- t0 , t1
	not:         t0 <- v0
	bgtz:        t0 , Label1
	load:        v0 <- a_
	load:        t1 <- b_
	add:         t0 <- v0 , t1
	iLoad:       v0 <- 1
	move:        a0 <- t0
	write        
	goto:        Label0

  Label1:      
	load:        v0 <- n_
	iLoad:       t1 <- 1
	sub:         t0 <- v0 , t1
	store:       n_ <- t0
	load:        v0 <- a_
	iLoad:       t1 <- 1
	add:         t0 <- v0 , t1
	store:       a_ <- t0
	load:        v0 <- b_
	iLoad:       t1 <- 1
	sub:         t0 <- v0 , t1
	store:       b_ <- t0

  Label0:      
	goto:        Label2

  Label3:      
	iLoad:       v0 <- 4
	load_addr:   a0 <- _str_0
	write        
**END: RTL Statements
