**PROCEDURE: main
**BEGIN: RTL Statements
	iLoad:       v0 <- 1
	store:       check_ <- v0
	iLoad:       v0 <- 5
	store:       coeff_ <- v0

  Label5:      
	load:        v0 <- check_
	iLoad:       t1 <- 0
	sgt:         t0 <- v0 , t1
	not:         v0 <- t0
	bgtz:        v0 , Label6
	load:        v0 <- coeff_
	iLoad:       t1 <- 5
	seq:         t0 <- v0 , t1
	not:         v0 <- t0
	bgtz:        v0 , Label4
	load:        v0 <- check_
	iLoad:       t1 <- 1
	seq:         t0 <- v0 , t1
	not:         v0 <- t0
	bgtz:        v0 , Label3
	load:        v0 <- check_
	iLoad:       t1 <- 0
	sgt:         t0 <- v0 , t1
	not:         v0 <- t0
	bgtz:        v0 , Label0
	load:        v0 <- coeff_
	store:       stemp0 <- v0
	goto:        Label1

  Label0:      
	iLoad:       v0 <- 0
	store:       stemp0 <- v0

  Label1:      
	load:        v0 <- stemp0
	iLoad:       t1 <- 0
	sgt:         t0 <- v0 , t1
	not:         v0 <- t0
	bgtz:        v0 , Label2
	iLoad:       v0 <- 4
	load_addr:   a0 <- _str_0
	write        
	goto:        Label2

  Label2:      
	goto:        Label3

  Label3:      
	goto:        Label4

  Label4:      
	iLoad:       v0 <- 0
	store:       check_ <- v0
	goto:        Label5

  Label6:      
**END: RTL Statements
