**PROCEDURE: main
	Return Type: <void>
	Formal Parameters:
**BEGIN: Abstract Syntax Tree 
         Asgn:
           LHS (Name : n_<int>)
           RHS (Num : 10<int>)
         Asgn:
           LHS (Name : m_<int>)
           RHS (Num : 0<int>)
         Asgn:
           LHS (Name : t_<int>)
           RHS (Num : 1<int>)
         While: 
           Condition (
             Condition: GT<bool>
               L_Opd (Name : n_<int>)
               R_Opd (Num : 0<int>))
           Body (
             Asgn:
               LHS (Name : next_<int>)
               RHS (
                 Arith: Plus<int>
                   L_Opd (Name : m_<int>)
                   R_Opd (Name : t_<int>))
             Write: Name : next_<int>
             Asgn:
               LHS (Name : m_<int>)
               RHS (Name : t_<int>)
             Asgn:
               LHS (Name : t_<int>)
               RHS (Name : next_<int>)
             Asgn:
               LHS (Name : n_<int>)
               RHS (
                 Arith: Minus<int>
                   L_Opd (Name : n_<int>)
                   R_Opd (Num : 1<int>)))
**END: Abstract Syntax Tree 
