**PROCEDURE: main
**BEGIN: Three Address Code Statements
	read  a_
	read  b_
	read  c_
Label1:
	temp0 = c_ < a_
	temp5 = ! temp0
	if(temp5) goto Label2
	temp1 = c_ * 4
	c_ = temp1
	temp2 = c_ > b_
	temp4 = ! temp2
	if(temp4) goto Label0
	temp3 = c_ / 2
	c_ = temp3
	goto Label0
Label0:
	goto Label1
Label2:
**END: Three Address Code Statements
