	Token Name: VOID 	Lexeme: void 	 Lineno: 1
	Token Name: NAME 	Lexeme: main 	 Lineno: 1
	Token Name: LEFT_ROUND_BRACKET 	Lexeme: ( 	 Lineno: 1
	Token Name: RIGHT_ROUND_BRACKET 	Lexeme: ) 	 Lineno: 1
	Token Name: LEFT_CURLY_BRACKET 	Lexeme: { 	 Lineno: 2
	Token Name: INTEGER 	Lexeme: int 	 Lineno: 3
	Token Name: NAME 	Lexeme: a 	 Lineno: 3
	Token Name: COMMA 	Lexeme: , 	 Lineno: 3
	Token Name: NAME 	Lexeme: b 	 Lineno: 3
	Token Name: SEMICOLON 	Lexeme: ; 	 Lineno: 3
	Token Name: INTEGER 	Lexeme: int 	 Lineno: 4
	Token Name: NAME 	Lexeme: c 	 Lineno: 4
	Token Name: SEMICOLON 	Lexeme: ; 	 Lineno: 4
	Token Name: NAME 	Lexeme: a 	 Lineno: 5
	Token Name: ASSIGN_OP 	Lexeme: = 	 Lineno: 5
	Token Name: INT_NUM 	Lexeme: 200 	 Lineno: 5
	Token Name: SEMICOLON 	Lexeme: ; 	 Lineno: 5
	Token Name: NAME 	Lexeme: b 	 Lineno: 6
	Token Name: ASSIGN_OP 	Lexeme: = 	 Lineno: 6
	Token Name: INT_NUM 	Lexeme: 300 	 Lineno: 6
	Token Name: SEMICOLON 	Lexeme: ; 	 Lineno: 6
	Token Name: READ 	Lexeme: read 	 Lineno: 7
	Token Name: NAME 	Lexeme: c 	 Lineno: 7
	Token Name: SEMICOLON 	Lexeme: ; 	 Lineno: 7
	Token Name: NAME 	Lexeme: c 	 Lineno: 8
	Token Name: ASSIGN_OP 	Lexeme: = 	 Lineno: 8
	Token Name: NAME 	Lexeme: a 	 Lineno: 8
	Token Name: DIV 	Lexeme: / 	 Lineno: 8
	Token Name: NAME 	Lexeme: b 	 Lineno: 8
	Token Name: SEMICOLON 	Lexeme: ; 	 Lineno: 8
	Token Name: DO 	Lexeme: do 	 Lineno: 9
	Token Name: LEFT_CURLY_BRACKET 	Lexeme: { 	 Lineno: 10
	Token Name: DO 	Lexeme: do 	 Lineno: 11
	Token Name: LEFT_CURLY_BRACKET 	Lexeme: { 	 Lineno: 12
	Token Name: WRITE 	Lexeme: print 	 Lineno: 13
	Token Name: NAME 	Lexeme: a 	 Lineno: 13
	Token Name: SEMICOLON 	Lexeme: ; 	 Lineno: 13
	Token Name: IF 	Lexeme: if 	 Lineno: 14
	Token Name: LEFT_ROUND_BRACKET 	Lexeme: ( 	 Lineno: 14
	Token Name: NAME 	Lexeme: c 	 Lineno: 14
	Token Name: GREATER_THAN 	Lexeme: > 	 Lineno: 14
	Token Name: INT_NUM 	Lexeme: 105 	 Lineno: 14
	Token Name: RIGHT_ROUND_BRACKET 	Lexeme: ) 	 Lineno: 14
	Token Name: LEFT_CURLY_BRACKET 	Lexeme: { 	 Lineno: 15
	Token Name: NAME 	Lexeme: a 	 Lineno: 16
	Token Name: ASSIGN_OP 	Lexeme: = 	 Lineno: 16
	Token Name: NAME 	Lexeme: a 	 Lineno: 16
	Token Name: MINUS 	Lexeme: - 	 Lineno: 16
	Token Name: LEFT_ROUND_BRACKET 	Lexeme: ( 	 Lineno: 16
	Token Name: NAME 	Lexeme: c 	 Lineno: 16
	Token Name: DIV 	Lexeme: / 	 Lineno: 16
	Token Name: NAME 	Lexeme: a 	 Lineno: 16
	Token Name: RIGHT_ROUND_BRACKET 	Lexeme: ) 	 Lineno: 16
	Token Name: SEMICOLON 	Lexeme: ; 	 Lineno: 16
	Token Name: RIGHT_CURLY_BRACKET 	Lexeme: } 	 Lineno: 17
	Token Name: ELSE 	Lexeme: else 	 Lineno: 18
	Token Name: LEFT_CURLY_BRACKET 	Lexeme: { 	 Lineno: 19
	Token Name: NAME 	Lexeme: b 	 Lineno: 20
	Token Name: ASSIGN_OP 	Lexeme: = 	 Lineno: 20
	Token Name: NAME 	Lexeme: b 	 Lineno: 20
	Token Name: MINUS 	Lexeme: - 	 Lineno: 20
	Token Name: LEFT_ROUND_BRACKET 	Lexeme: ( 	 Lineno: 20
	Token Name: NAME 	Lexeme: c 	 Lineno: 20
	Token Name: DIV 	Lexeme: / 	 Lineno: 20
	Token Name: NAME 	Lexeme: b 	 Lineno: 20
	Token Name: RIGHT_ROUND_BRACKET 	Lexeme: ) 	 Lineno: 20
	Token Name: SEMICOLON 	Lexeme: ; 	 Lineno: 20
	Token Name: DO 	Lexeme: do 	 Lineno: 21
	Token Name: LEFT_CURLY_BRACKET 	Lexeme: { 	 Lineno: 22
	Token Name: WRITE 	Lexeme: print 	 Lineno: 23
	Token Name: NAME 	Lexeme: c 	 Lineno: 23
	Token Name: SEMICOLON 	Lexeme: ; 	 Lineno: 23
	Token Name: RIGHT_CURLY_BRACKET 	Lexeme: } 	 Lineno: 24
	Token Name: WHILE 	Lexeme: while 	 Lineno: 24
	Token Name: LEFT_ROUND_BRACKET 	Lexeme: ( 	 Lineno: 24
	Token Name: NAME 	Lexeme: c 	 Lineno: 24
	Token Name: LESS_THAN 	Lexeme: < 	 Lineno: 24
	Token Name: INT_NUM 	Lexeme: 105 	 Lineno: 24
	Token Name: RIGHT_ROUND_BRACKET 	Lexeme: ) 	 Lineno: 24
	Token Name: SEMICOLON 	Lexeme: ; 	 Lineno: 24
	Token Name: RIGHT_CURLY_BRACKET 	Lexeme: } 	 Lineno: 26
	Token Name: RIGHT_CURLY_BRACKET 	Lexeme: } 	 Lineno: 27
	Token Name: WHILE 	Lexeme: while 	 Lineno: 27
	Token Name: LEFT_ROUND_BRACKET 	Lexeme: ( 	 Lineno: 27
	Token Name: INT_NUM 	Lexeme: 0 	 Lineno: 27
	Token Name: LESS_THAN 	Lexeme: < 	 Lineno: 27
	Token Name: INT_NUM 	Lexeme: 0 	 Lineno: 27
	Token Name: RIGHT_ROUND_BRACKET 	Lexeme: ) 	 Lineno: 27
	Token Name: SEMICOLON 	Lexeme: ; 	 Lineno: 27
	Token Name: RIGHT_CURLY_BRACKET 	Lexeme: } 	 Lineno: 29
	Token Name: WHILE 	Lexeme: while 	 Lineno: 29
	Token Name: LEFT_ROUND_BRACKET 	Lexeme: ( 	 Lineno: 29
	Token Name: LEFT_ROUND_BRACKET 	Lexeme: ( 	 Lineno: 29
	Token Name: NAME 	Lexeme: c 	 Lineno: 29
	Token Name: GREATER_THAN 	Lexeme: > 	 Lineno: 29
	Token Name: INT_NUM 	Lexeme: 105 	 Lineno: 29
	Token Name: AND 	Lexeme: && 	 Lineno: 29
	Token Name: NAME 	Lexeme: a 	 Lineno: 29
	Token Name: EQUAL 	Lexeme: == 	 Lineno: 29
	Token Name: INT_NUM 	Lexeme: 1 	 Lineno: 29
	Token Name: RIGHT_ROUND_BRACKET 	Lexeme: ) 	 Lineno: 29
	Token Name: OR 	Lexeme: || 	 Lineno: 29
	Token Name: LEFT_ROUND_BRACKET 	Lexeme: ( 	 Lineno: 29
	Token Name: NAME 	Lexeme: b 	 Lineno: 29
	Token Name: LESS_THAN_EQUAL 	Lexeme: <= 	 Lineno: 29
	Token Name: INT_NUM 	Lexeme: 2 	 Lineno: 29
	Token Name: AND 	Lexeme: && 	 Lineno: 29
	Token Name: NAME 	Lexeme: c 	 Lineno: 29
	Token Name: GREATER_THAN_EQUAL 	Lexeme: >= 	 Lineno: 29
	Token Name: INT_NUM 	Lexeme: 3 	 Lineno: 29
	Token Name: RIGHT_ROUND_BRACKET 	Lexeme: ) 	 Lineno: 29
	Token Name: RIGHT_ROUND_BRACKET 	Lexeme: ) 	 Lineno: 29
	Token Name: SEMICOLON 	Lexeme: ; 	 Lineno: 29
	Token Name: WRITE 	Lexeme: print 	 Lineno: 31
	Token Name: NAME 	Lexeme: c 	 Lineno: 31
	Token Name: SEMICOLON 	Lexeme: ; 	 Lineno: 31
	Token Name: RIGHT_CURLY_BRACKET 	Lexeme: } 	 Lineno: 32
