	Token Name: VOID 	Lexeme: void 	 Lineno: 1
	Token Name: NAME 	Lexeme: main 	 Lineno: 1
	Token Name: LEFT_ROUND_BRACKET 	Lexeme: ( 	 Lineno: 1
	Token Name: RIGHT_ROUND_BRACKET 	Lexeme: ) 	 Lineno: 1
	Token Name: LEFT_CURLY_BRACKET 	Lexeme: { 	 Lineno: 1
	Token Name: INTEGER 	Lexeme: int 	 Lineno: 2
	Token Name: NAME 	Lexeme: x 	 Lineno: 2
	Token Name: COMMA 	Lexeme: , 	 Lineno: 2
	Token Name: NAME 	Lexeme: y 	 Lineno: 2
	Token Name: SEMICOLON 	Lexeme: ; 	 Lineno: 2
	Token Name: NAME 	Lexeme: x 	 Lineno: 3
	Token Name: ASSIGN_OP 	Lexeme: = 	 Lineno: 3
	Token Name: INT_NUM 	Lexeme: 0 	 Lineno: 3
	Token Name: SEMICOLON 	Lexeme: ; 	 Lineno: 3
	Token Name: NAME 	Lexeme: y 	 Lineno: 3
	Token Name: ASSIGN_OP 	Lexeme: = 	 Lineno: 3
	Token Name: INT_NUM 	Lexeme: 1 	 Lineno: 3
	Token Name: SEMICOLON 	Lexeme: ; 	 Lineno: 3
	Token Name: IF 	Lexeme: if 	 Lineno: 4
	Token Name: LEFT_ROUND_BRACKET 	Lexeme: ( 	 Lineno: 4
	Token Name: NAME 	Lexeme: x 	 Lineno: 4
	Token Name: EQUAL 	Lexeme: == 	 Lineno: 4
	Token Name: NAME 	Lexeme: y 	 Lineno: 4
	Token Name: RIGHT_ROUND_BRACKET 	Lexeme: ) 	 Lineno: 4
	Token Name: LEFT_CURLY_BRACKET 	Lexeme: { 	 Lineno: 4
	Token Name: NAME 	Lexeme: x 	 Lineno: 5
	Token Name: ASSIGN_OP 	Lexeme: = 	 Lineno: 5
	Token Name: INT_NUM 	Lexeme: 1 	 Lineno: 5
	Token Name: SEMICOLON 	Lexeme: ; 	 Lineno: 5
	Token Name: NAME 	Lexeme: y 	 Lineno: 6
	Token Name: ASSIGN_OP 	Lexeme: = 	 Lineno: 6
	Token Name: INT_NUM 	Lexeme: 1 	 Lineno: 6
	Token Name: SEMICOLON 	Lexeme: ; 	 Lineno: 6
	Token Name: RIGHT_CURLY_BRACKET 	Lexeme: } 	 Lineno: 7
	Token Name: ELSE 	Lexeme: else 	 Lineno: 7
	Token Name: LEFT_CURLY_BRACKET 	Lexeme: { 	 Lineno: 7
	Token Name: NAME 	Lexeme: x 	 Lineno: 8
	Token Name: ASSIGN_OP 	Lexeme: = 	 Lineno: 8
	Token Name: INT_NUM 	Lexeme: 0 	 Lineno: 8
	Token Name: SEMICOLON 	Lexeme: ; 	 Lineno: 8
	Token Name: NAME 	Lexeme: y 	 Lineno: 9
	Token Name: ASSIGN_OP 	Lexeme: = 	 Lineno: 9
	Token Name: INT_NUM 	Lexeme: 0 	 Lineno: 9
	Token Name: SEMICOLON 	Lexeme: ; 	 Lineno: 9
	Token Name: RIGHT_CURLY_BRACKET 	Lexeme: } 	 Lineno: 10
	Token Name: RIGHT_CURLY_BRACKET 	Lexeme: } 	 Lineno: 11
