	Token Name: INTEGER 	Lexeme: int 	 Lineno: 1
	Token Name: NAME 	Lexeme: date 	 Lineno: 1
	Token Name: COMMA 	Lexeme: , 	 Lineno: 1
	Token Name: NAME 	Lexeme: time 	 Lineno: 1
	Token Name: SEMICOLON 	Lexeme: ; 	 Lineno: 1
	Token Name: VOID 	Lexeme: void 	 Lineno: 3
	Token Name: NAME 	Lexeme: main 	 Lineno: 3
	Token Name: LEFT_ROUND_BRACKET 	Lexeme: ( 	 Lineno: 3
	Token Name: RIGHT_ROUND_BRACKET 	Lexeme: ) 	 Lineno: 3
	Token Name: LEFT_CURLY_BRACKET 	Lexeme: { 	 Lineno: 3
	Token Name: NAME 	Lexeme: time 	 Lineno: 4
	Token Name: ASSIGN_OP 	Lexeme: = 	 Lineno: 4
	Token Name: INT_NUM 	Lexeme: 9 	 Lineno: 4
	Token Name: MULT 	Lexeme: * 	 Lineno: 4
	Token Name: INT_NUM 	Lexeme: 2 	 Lineno: 4
	Token Name: DIV 	Lexeme: / 	 Lineno: 4
	Token Name: INT_NUM 	Lexeme: 3 	 Lineno: 4
	Token Name: MULT 	Lexeme: * 	 Lineno: 4
	Token Name: INT_NUM 	Lexeme: 1 	 Lineno: 4
	Token Name: PLUS 	Lexeme: + 	 Lineno: 4
	Token Name: INT_NUM 	Lexeme: 5 	 Lineno: 4
	Token Name: MULT 	Lexeme: * 	 Lineno: 4
	Token Name: INT_NUM 	Lexeme: 9 	 Lineno: 4
	Token Name: DIV 	Lexeme: / 	 Lineno: 4
	Token Name: INT_NUM 	Lexeme: 3 	 Lineno: 4
	Token Name: MULT 	Lexeme: * 	 Lineno: 4
	Token Name: INT_NUM 	Lexeme: 2 	 Lineno: 4
	Token Name: SEMICOLON 	Lexeme: ; 	 Lineno: 4
	Token Name: DO 	Lexeme: do 	 Lineno: 8
	Token Name: LEFT_CURLY_BRACKET 	Lexeme: { 	 Lineno: 8
	Token Name: NAME 	Lexeme: date 	 Lineno: 9
	Token Name: ASSIGN_OP 	Lexeme: = 	 Lineno: 9
	Token Name: NOT 	Lexeme: ! 	 Lineno: 9
	Token Name: NAME 	Lexeme: time 	 Lineno: 9
	Token Name: MULT 	Lexeme: * 	 Lineno: 9
	Token Name: NAME 	Lexeme: time 	 Lineno: 9
	Token Name: GREATER_THAN 	Lexeme: > 	 Lineno: 9
	Token Name: INT_NUM 	Lexeme: 2 	 Lineno: 9
	Token Name: OR 	Lexeme: || 	 Lineno: 9
	Token Name: LEFT_ROUND_BRACKET 	Lexeme: ( 	 Lineno: 9
	Token Name: NAME 	Lexeme: time 	 Lineno: 9
	Token Name: LESS_THAN 	Lexeme: < 	 Lineno: 9
	Token Name: INT_NUM 	Lexeme: 10 	 Lineno: 9
	Token Name: RIGHT_ROUND_BRACKET 	Lexeme: ) 	 Lineno: 9
	Token Name: QUESTION_MARK 	Lexeme: ? 	 Lineno: 9
	Token Name: NAME 	Lexeme: date 	 Lineno: 9
	Token Name: COLON 	Lexeme: : 	 Lineno: 9
	Token Name: NAME 	Lexeme: date 	 Lineno: 9
	Token Name: PLUS 	Lexeme: + 	 Lineno: 9
	Token Name: INT_NUM 	Lexeme: 2 	 Lineno: 9
	Token Name: SEMICOLON 	Lexeme: ; 	 Lineno: 9
	Token Name: NAME 	Lexeme: time 	 Lineno: 10
	Token Name: ASSIGN_OP 	Lexeme: = 	 Lineno: 10
	Token Name: NAME 	Lexeme: time 	 Lineno: 10
	Token Name: PLUS 	Lexeme: + 	 Lineno: 10
	Token Name: INT_NUM 	Lexeme: 1 	 Lineno: 10
	Token Name: MULT 	Lexeme: * 	 Lineno: 10
	Token Name: NAME 	Lexeme: time 	 Lineno: 10
	Token Name: MULT 	Lexeme: * 	 Lineno: 10
	Token Name: NAME 	Lexeme: time 	 Lineno: 10
	Token Name: SEMICOLON 	Lexeme: ; 	 Lineno: 10
	Token Name: WRITE 	Lexeme: print 	 Lineno: 11
	Token Name: NAME 	Lexeme: date 	 Lineno: 11
	Token Name: SEMICOLON 	Lexeme: ; 	 Lineno: 11
	Token Name: DO 	Lexeme: do 	 Lineno: 12
	Token Name: LEFT_CURLY_BRACKET 	Lexeme: { 	 Lineno: 12
	Token Name: IF 	Lexeme: if 	 Lineno: 13
	Token Name: LEFT_ROUND_BRACKET 	Lexeme: ( 	 Lineno: 13
	Token Name: NAME 	Lexeme: time 	 Lineno: 13
	Token Name: MULT 	Lexeme: * 	 Lineno: 13
	Token Name: INT_NUM 	Lexeme: 2 	 Lineno: 13
	Token Name: EQUAL 	Lexeme: == 	 Lineno: 13
	Token Name: INT_NUM 	Lexeme: 1 	 Lineno: 13
	Token Name: RIGHT_ROUND_BRACKET 	Lexeme: ) 	 Lineno: 13
	Token Name: LEFT_CURLY_BRACKET 	Lexeme: { 	 Lineno: 13
	Token Name: NAME 	Lexeme: date 	 Lineno: 14
	Token Name: ASSIGN_OP 	Lexeme: = 	 Lineno: 14
	Token Name: INT_NUM 	Lexeme: 10 	 Lineno: 14
	Token Name: SEMICOLON 	Lexeme: ; 	 Lineno: 14
	Token Name: RIGHT_CURLY_BRACKET 	Lexeme: } 	 Lineno: 15
	Token Name: ELSE 	Lexeme: else 	 Lineno: 16
	Token Name: LEFT_CURLY_BRACKET 	Lexeme: { 	 Lineno: 16
	Token Name: NAME 	Lexeme: date 	 Lineno: 17
	Token Name: ASSIGN_OP 	Lexeme: = 	 Lineno: 17
	Token Name: NAME 	Lexeme: time 	 Lineno: 17
	Token Name: SEMICOLON 	Lexeme: ; 	 Lineno: 17
	Token Name: RIGHT_CURLY_BRACKET 	Lexeme: } 	 Lineno: 18
	Token Name: RIGHT_CURLY_BRACKET 	Lexeme: } 	 Lineno: 19
	Token Name: WHILE 	Lexeme: while 	 Lineno: 19
	Token Name: LEFT_ROUND_BRACKET 	Lexeme: ( 	 Lineno: 19
	Token Name: NAME 	Lexeme: date 	 Lineno: 19
	Token Name: NOT_EQUAL 	Lexeme: != 	 Lineno: 19
	Token Name: INT_NUM 	Lexeme: 10 	 Lineno: 19
	Token Name: RIGHT_ROUND_BRACKET 	Lexeme: ) 	 Lineno: 19
	Token Name: SEMICOLON 	Lexeme: ; 	 Lineno: 19
	Token Name: RIGHT_CURLY_BRACKET 	Lexeme: } 	 Lineno: 21
	Token Name: WHILE 	Lexeme: while 	 Lineno: 21
	Token Name: LEFT_ROUND_BRACKET 	Lexeme: ( 	 Lineno: 21
	Token Name: NAME 	Lexeme: date 	 Lineno: 21
	Token Name: NOT_EQUAL 	Lexeme: != 	 Lineno: 21
	Token Name: INT_NUM 	Lexeme: 100 	 Lineno: 21
	Token Name: RIGHT_ROUND_BRACKET 	Lexeme: ) 	 Lineno: 21
	Token Name: SEMICOLON 	Lexeme: ; 	 Lineno: 21
	Token Name: RIGHT_CURLY_BRACKET 	Lexeme: } 	 Lineno: 23
