**PROCEDURE: main
	Return Type: <void>
	Formal Parameters:
**BEGIN: Abstract Syntax Tree 
         Asgn:
           LHS (Name : a_<int>)
           RHS (Num : 5<int>)
         Asgn:
           LHS (Name : b_<int>)
           RHS (Num : 3<int>)
         Asgn:
           LHS (Name : c_<int>)
           RHS (
                 Condition: GT<bool>
                   L_Opd (Name : a_<int>)
                   R_Opd (Name : b_<int>)
                 True_Part (Name : a_<int>)
                 False_Part (Name : b_<int>))
         Write: Name : c_<int>
**END: Abstract Syntax Tree 
