**PROCEDURE: main
	Return Type: <void>
	Formal Parameters:
**BEGIN: Abstract Syntax Tree 
         Read: Name : a_<float>
         Read: Name : b_<float>
         Read: Name : c_<float>
         Read: Name : d_<float>
         Asgn:
           LHS (Name : ans_<float>)
           RHS (
             Arith: Plus<float>
               L_Opd (
                 Arith: Plus<float>
                   L_Opd (
                     Arith: Uminus<float>
                       L_Opd (Name : b_<float>))
                   R_Opd (
                     Arith: Div<float>
                       L_Opd (
                         Arith: Uminus<float>
                           L_Opd (Name : c_<float>))
                       R_Opd (
                         Arith: Uminus<float>
                           L_Opd (Name : a_<float>))))
               R_Opd (
                 Arith: Uminus<float>
                   L_Opd (Name : d_<float>)))
         Write: Name : ans_<float>
**END: Abstract Syntax Tree 
