**PROCEDURE: main
	Return Type: <void>
	Formal Parameters:
**BEGIN: Abstract Syntax Tree 
         Read: Name : a_<float>
         Read: Name : b_<float>
         Asgn:
           LHS (Name : ans_<float>)
           RHS (
             Arith: Plus<float>
               L_Opd (Name : a_<float>)
               R_Opd (Name : b_<float>))
         Write: Name : ans_<float>
**END: Abstract Syntax Tree 
