**PROCEDURE: main
	Return Type: <void>
	Formal Parameters:
**BEGIN: Abstract Syntax Tree 
         Asgn:
           LHS (Name : a_<int>)
           RHS (
                 Condition: GT<bool>
                   L_Opd (Name : d_<float>)
                   R_Opd (Name : e_<float>)
                 True_Part (Num : 0<int>)
                 False_Part (Num : 3<int>))
         Write: Name : a_<int>
         Read: Name : a_<int>
         Asgn:
           LHS (Name : c_<bool>)
           RHS (
             Condition: OR<bool>
               L_Opd (
                 Condition: GE<bool>
                   L_Opd (
                     Arith: Mult<int>
                       L_Opd (Name : a_<int>)
                       R_Opd (Name : b_<int>))
                   R_Opd (Name : a_<int>))
               R_Opd (
                 Condition: LT<bool>
                   L_Opd (Name : b_<int>)
                   R_Opd (Name : a_<int>)))
         Write: Name : a_<int>
**END: Abstract Syntax Tree 
