**PROCEDURE: main
	Return Type: <void>
	Formal Parameters:
**BEGIN: Abstract Syntax Tree 
         Read: Name : a_<int>
         Read: Name : b_<int>
         Read: Name : c_<int>
         Asgn:
           LHS (Name : x_<int>)
           RHS (
             Arith: Plus<int>
               L_Opd (Name : a_<int>)
               R_Opd (
                 Arith: Plus<int>
                   L_Opd (Name : b_<int>)
                   R_Opd (Name : c_<int>)))
         Asgn:
           LHS (Name : y_<int>)
           RHS (
             Arith: Div<int>
               L_Opd (
                 Arith: Div<int>
                   L_Opd (Name : a_<int>)
                   R_Opd (Name : b_<int>))
               R_Opd (Name : c_<int>))
         Asgn:
           LHS (Name : z_<int>)
           RHS (
             Arith: Minus<int>
               L_Opd (Name : x_<int>)
               R_Opd (Name : y_<int>))
         Write: Name : x_<int>
         Write: Name : y_<int>
         Write: Name : z_<int>
**END: Abstract Syntax Tree 
