**PROCEDURE: main
**BEGIN: Three Address Code Statements
	a_ = 1
	temp0 = - a_
	b_ = temp0
	temp1 = a_ - b_
	c_ = temp1
	temp2 = a_ > b_
	temp3 = ! temp2
	if(temp3) goto Label0
	stemp0 = a_
	goto Label1
Label0:
	stemp0 = b_
Label1:
	temp4 = c_ > stemp0
	temp5 = ! temp4
	if(temp5) goto Label2
	stemp1 = a_
	goto Label3
Label2:
	stemp1 = b_
Label3:
	d_ = stemp1
**END: Three Address Code Statements
